// Jest Snapshot v1, https://goo.gl/fbAQLP

exports[`Coponente de transação do extrato  O snapshot do component deve permacer sempre o mesmo 1`] = `
<div
  class="transacao-container"
>
  <p>
    03/12/2021
  </p>
  <p>
    saque
  </p>
  <p>
    R$ 
    20.00
  </p>
</div>
`;
